-- This file handles initializing the database before parallel tests are run
\ir utils/sift10k_array.sql
CREATE TABLE IF NOT EXISTS sift_base10k (
     id SERIAL PRIMARY KEY,
     v REAL[128]
);
\copy sift_base10k (v) FROM '/tmp/lantern/vector_datasets/siftsmall_base_arrays.csv' with csv;
\ir utils/random_array.sql
CREATE OR REPLACE FUNCTION random_int_array(dim integer, min integer, max integer) RETURNS integer[] AS $BODY$
begin
        return (select array_agg(round(random() * (max - min)) + min) from generate_series (0, dim - 1));
end
$BODY$ LANGUAGE plpgsql;
CREATE OR REPLACE FUNCTION random_array(dim integer, min real, max real) RETURNS REAL[] AS $BODY$
begin
        return (select array_agg(random() * (max - min) + min) from generate_series (0, dim - 1));
end
$BODY$ LANGUAGE plpgsql;
CREATE SEQUENCE serial START 10001;
CREATE INDEX ON sift_base10k  USING HNSW (v) WITH (M=5, ef=20, ef_construction=20);
INFO:  done init usearch index
INFO:  inserted 10000 elements
INFO:  done saving 10000 vectors
