SELECT v AS v1111 FROM sift_base10k WHERE id = 1111 \gset
SELECT v AS v2222 FROM sift_base10k WHERE id = 2222 \gset
SELECT v AS v3333 FROM sift_base10k WHERE id = 3333 \gset
SELECT v AS v4444 FROM sift_base10k WHERE id = 4444 \gset
SELECT v as v444 from sift_base10k wHERE id = 444 LIMIT 1 \gset
-- Make sure that our index queries will actually run against the index
EXPLAIN (COSTS false) SELECT id FROM sift_base10k ORDER BY  v <-> :'v1111'  ASC LIMIT 1;
                                                                                                                                                                                   QUERY PLAN                                                                                                                                                                                    
---------------------------------------------------------------------------------------------------------------------------------------------------------------------------------------------------------------------------------------------------------------------------------------------------------------------------------------------------------------------------------
 Limit
   ->  Index Scan using to_be_reindexed on sift_base10k
         Order By: (v <-> '{21,24,5,0,0,26,22,6,16,16,10,9,0,18,114,19,13,13,9,1,2,53,111,19,39,32,5,0,4,9,10,13,6,10,8,0,2,130,77,4,2,0,0,0,3,130,130,11,130,0,0,0,0,37,130,84,130,5,0,1,17,11,4,28,17,39,3,3,30,77,28,3,20,0,0,1,49,125,13,7,130,6,0,0,0,5,11,61,130,2,0,1,12,84,48,73,1,12,2,0,31,57,9,2,16,12,1,0,32,36,0,1,63,6,3,1,0,0,24,51,9,0,0,0,0,44,88,48}'::real[])

-- Do the queries
-- Make sure the new delete hook works to fix concurrent builds in 0.2.5->0.2.6
-- The delete hook exists in 0.2.6, but if this index was built on the previous version of the binary,
-- reindex, this query will return duplicates.
-- This checks that the two binaries are compatible and queries can run
-- after an upgrade with new binaries and old indexes
SELECT id, ROUND((v <-> :'v444')::numeric, 2) FROM sift_base10k ORDER BY v <-> :'v444' LIMIT 6;
  id  |  round   
------+----------
  444 |     0.00
  830 | 45864.00
 1872 | 69753.00
 1336 | 73429.00
 2654 | 78240.00
 9185 | 78983.00

SELECT id FROM sift_base10k ORDER BY  v <-> :'v1111'  ASC LIMIT 1;
  id  
------
 1111

SELECT id FROM sift_base10k ORDER BY  v <-> :'v2222'  ASC LIMIT 1;
  id  
------
 2222

SELECT id FROM sift_base10k ORDER BY  v <-> :'v3333'  ASC LIMIT 1;
  id  
------
 3333

SELECT id FROM sift_base10k ORDER BY  v <-> :'v4444'  ASC LIMIT 1;
  id  
------
 4444

