---------------------------------------------------------------------
-- Test HNSW index selects
---------------------------------------------------------------------
SET client_min_messages=debug5;
\ir utils/small_world_array.sql
CREATE TABLE small_world (
    id VARCHAR(3),
    b BOOLEAN,
    v REAL[3]
);
INSERT INTO small_world (id, b, v) VALUES
    ('000', TRUE,  '{0,0,0}'),
    ('001', TRUE,  '{0,0,1}'),
    ('010', FALSE, '{0,1,0}'),
    ('011', TRUE,  '{0,1,1}'),
    ('100', FALSE, '{1,0,0}'),
    ('101', FALSE, '{1,0,1}'),
    ('110', FALSE, '{1,1,0}'),
    ('111', TRUE,  '{1,1,1}');
CREATE INDEX ON small_world USING lantern_hnsw (v) WITH (dim=3, M=5, ef=20, ef_construction=20);
INFO:  done init usearch index
INFO:  inserted 8 elements
INFO:  done saving 8 vectors
\ir utils/sift1k_array.sql
CREATE TABLE IF NOT EXISTS sift_base1k (
    id SERIAL,
    v REAL[]
);
COPY sift_base1k (v) FROM '/tmp/lantern/vector_datasets/sift_base1k_arrays.csv' WITH csv;
CREATE INDEX ON sift_base1k USING lantern_hnsw (v) WITH (dim=128, M=5, ef=20, ef_construction=20);
INFO:  done init usearch index
INFO:  inserted 1000 elements
INFO:  done saving 1000 vectors
CREATE TABLE test1 (id SERIAL, v REAL[]);
CREATE TABLE test2 (id SERIAL, v REAL[]);
INSERT INTO test1 (v) VALUES ('{5,3}');
INSERT INTO test2 (v) VALUES ('{5,4}');
CREATE INDEX ON test1 USING lantern_hnsw (v);
INFO:  done init usearch index
INFO:  inserted 1 elements
INFO:  done saving 1 vectors
SET enable_seqscan=FALSE;
SET lantern.pgvector_compat=FALSE;
-- Verify that basic queries still work given our query parser and planner hooks
SELECT 0 + 1;
WARNING:  this hook is experimental and can cause undefined behaviour
 ?column? 
----------
        1
(1 row)

SELECT 1 FROM test1 WHERE id = 0 + 1;
 ?column? 
----------
        1
(1 row)

-- Verify that the index is being used
SET _lantern_internal.is_test = true;
EXPLAIN (COSTS FALSE) SELECT * FROM small_world order by v <?> '{1,0,0}' LIMIT 1;
DEBUG:  LANTERN - Query cost estimator
DEBUG:  LANTERN - ---------------------
DEBUG:  LANTERN - Total cost: 4.015000
DEBUG:  LANTERN - Selectivity: 1.000000
DEBUG:  LANTERN - Num pages: 1.000000
DEBUG:  LANTERN - Num tuples: 2.000000
DEBUG:  LANTERN - ---------------------
                       QUERY PLAN                        
---------------------------------------------------------
 Limit
   ->  Index Scan using small_world_v_idx on small_world
         Order By: (v <?> '{1,0,0}'::real[])
(3 rows)

-- Verify that this does not use the index
EXPLAIN (COSTS FALSE) SELECT 1 FROM small_world WHERE v = '{0,0,0}';
            QUERY PLAN             
-----------------------------------
 Seq Scan on small_world
   Filter: (v = '{0,0,0}'::real[])
(2 rows)

-- Ensure we can query an index for more elements than the value of init_k
WITH neighbors AS (
    SELECT * FROM small_world order by v <?> '{1,0,0}' LIMIT 3
) SELECT COUNT(*) from neighbors;
DEBUG:  LANTERN - Query cost estimator
DEBUG:  LANTERN - ---------------------
DEBUG:  LANTERN - Total cost: 4.015000
DEBUG:  LANTERN - Selectivity: 1.000000
DEBUG:  LANTERN - Num pages: 1.000000
DEBUG:  LANTERN - Num tuples: 2.000000
DEBUG:  LANTERN - ---------------------
DEBUG:  LANTERN querying index for 10 elements
 count 
-------
     3
(1 row)

WITH neighbors AS (
    SELECT * FROM small_world order by v <?> '{1,0,0}' LIMIT 15
) SELECT COUNT(*) from neighbors;
DEBUG:  LANTERN - Query cost estimator
DEBUG:  LANTERN - ---------------------
DEBUG:  LANTERN - Total cost: 4.015000
DEBUG:  LANTERN - Selectivity: 1.000000
DEBUG:  LANTERN - Num pages: 1.000000
DEBUG:  LANTERN - Num tuples: 2.000000
DEBUG:  LANTERN - ---------------------
DEBUG:  LANTERN querying index for 10 elements
 count 
-------
     8
(1 row)

-- Change default k and make sure the number of usearch_searchs makes sense
SET lantern_hnsw.init_k = 4;
WITH neighbors AS (
    SELECT * FROM small_world order by v <?> '{1,0,0}' LIMIT 3
) SELECT COUNT(*) from neighbors;
DEBUG:  LANTERN - Query cost estimator
DEBUG:  LANTERN - ---------------------
DEBUG:  LANTERN - Total cost: 4.015000
DEBUG:  LANTERN - Selectivity: 1.000000
DEBUG:  LANTERN - Num pages: 1.000000
DEBUG:  LANTERN - Num tuples: 2.000000
DEBUG:  LANTERN - ---------------------
DEBUG:  LANTERN querying index for 4 elements
 count 
-------
     3
(1 row)

WITH neighbors AS (
    SELECT * FROM small_world order by v <?> '{1,0,0}' LIMIT 15
) SELECT COUNT(*) from neighbors;
DEBUG:  LANTERN - Query cost estimator
DEBUG:  LANTERN - ---------------------
DEBUG:  LANTERN - Total cost: 4.015000
DEBUG:  LANTERN - Selectivity: 1.000000
DEBUG:  LANTERN - Num pages: 1.000000
DEBUG:  LANTERN - Num tuples: 2.000000
DEBUG:  LANTERN - ---------------------
DEBUG:  LANTERN querying index for 4 elements
DEBUG:  LANTERN - querying index for 8 elements
DEBUG:  LANTERN - querying index for 8 elements
 count 
-------
     8
(1 row)

RESET client_min_messages;
SET _lantern_internal.is_test = false;
-- Verify where condition works properly and still uses index
SELECT has_index_scan('EXPLAIN SELECT * FROM small_world WHERE b IS TRUE ORDER BY v <?> ''{0,0,0}''');
 has_index_scan 
----------------
 t
(1 row)

-- Verify that the index is not being used when there is no order by
SELECT NOT has_index_scan('EXPLAIN SELECT COUNT(*) FROM small_world');
 ?column? 
----------
 t
(1 row)

-- Verify swapping order doesn't change anything and still uses index
SELECT has_index_scan('EXPLAIN SELECT id FROM test1 ORDER BY ''{1,2}''::REAL[] <?> v');
 has_index_scan 
----------------
 t
(1 row)

-- Verify group by works and uses index
SELECT has_index_scan('EXPLAIN WITH t AS (SELECT id FROM test1 ORDER BY ''{1,2}''::REAL[] <?> v LIMIT 1) SELECT id, COUNT(*) FROM t GROUP BY 1');
 has_index_scan 
----------------
 t
(1 row)

-- Validate distinct works and uses index
SELECT has_index_scan('EXPLAIN WITH t AS (SELECT id FROM test1 ORDER BY v <?> ''{1,2}'' LIMIT 1) SELECT DISTINCT id FROM t');
 has_index_scan 
----------------
 t
(1 row)

-- Validate join lateral works and uses index
SELECT has_index_scan('EXPLAIN SELECT t1_results.id FROM test2 t2 JOIN LATERAL (SELECT t1.id FROM test1 t1 ORDER BY t2.v <?> t1.v LIMIT 1) t1_results ON TRUE');
 has_index_scan 
----------------
 t
(1 row)

-- Validate union works and uses index
SELECT has_index_scan('EXPLAIN (SELECT id FROM test1 ORDER BY v <?> ''{1,4}'') UNION (SELECT id FROM test1 ORDER BY v IS NOT NULL LIMIT 1)');
 has_index_scan 
----------------
 t
(1 row)

-- Validate CTEs work and still use index
SELECT has_index_scan('EXPLAIN WITH t AS (SELECT id FROM test1 ORDER BY v <?> ''{1,4}'') SELECT id FROM t UNION SELECT id FROM t');
 has_index_scan 
----------------
 t
(1 row)

-- Validate <?> is replaced with the matching function when an index is present
set enable_seqscan = true;
set enable_indexscan = false;
EXPLAIN (COSTS false) SELECT * from small_world ORDER BY v <?> '{1,1,1}';
                  QUERY PLAN                   
-----------------------------------------------
 Sort
   Sort Key: (l2sq_dist(v, '{1,1,1}'::real[]))
   ->  Seq Scan on small_world
(3 rows)

SELECT * from small_world ORDER BY v <?> '{1,1,1}';
 id  | b |    v    
-----+---+---------
 111 | t | {1,1,1}
 101 | f | {1,0,1}
 110 | f | {1,1,0}
 011 | t | {0,1,1}
 100 | f | {1,0,0}
 001 | t | {0,0,1}
 010 | f | {0,1,0}
 000 | t | {0,0,0}
(8 rows)

begin;
INSERT INTO test2 (v) VALUES ('{1,4}');
INSERT INTO test2 (v) VALUES ('{2,4}');
CREATE INDEX test2_cos ON test2 USING lantern_hnsw(v dist_cos_ops);
INFO:  done init usearch index
INFO:  inserted 3 elements
INFO:  done saving 3 vectors
EXPLAIN (COSTS false) SELECT * from test2 ORDER BY v <?> '{1,4}';
                 QUERY PLAN                 
--------------------------------------------
 Sort
   Sort Key: (cos_dist(v, '{1,4}'::real[]))
   ->  Seq Scan on test2
(3 rows)

-- Some additional cases that trigger operator rewriting
-- SampleScan
EXPLAIN (COSTS false) SELECT * FROM small_world TABLESAMPLE BERNOULLI (20) ORDER BY v <?> '{1,1,1}' ASC;
                  QUERY PLAN                   
-----------------------------------------------
 Sort
   Sort Key: (l2sq_dist(v, '{1,1,1}'::real[]))
   ->  Sample Scan on small_world
         Sampling: bernoulli ('20'::real)
(4 rows)

-- can't compare direct equality here because it's random
SELECT results_match('EXPLAIN SELECT * FROM small_world TABLESAMPLE BERNOULLI (20) ORDER BY v <?> ''{1,1,1}'' ASC',
    'EXPLAIN SELECT * FROM small_world TABLESAMPLE BERNOULLI (20) ORDER BY l2sq_dist(v, ''{1,1,1}'') ASC');
 results_match 
---------------
 t
(1 row)

-- SetOpt/HashSetOp
EXPLAIN (COSTS false) (SELECT * FROM small_world ORDER BY v <?> '{1,0,1}' ASC ) EXCEPT (SELECT * FROM small_world ORDER by v <?> '{1,1,1}' ASC LIMIT 5);
                                     QUERY PLAN                                      
-------------------------------------------------------------------------------------
 HashSetOp Except
   ->  Append
         ->  Subquery Scan on "*SELECT* 1"
               ->  Sort
                     Sort Key: (l2sq_dist(small_world.v, '{1,0,1}'::real[]))
                     ->  Seq Scan on small_world
         ->  Subquery Scan on "*SELECT* 2"
               ->  Limit
                     ->  Sort
                           Sort Key: (l2sq_dist(small_world_1.v, '{1,1,1}'::real[]))
                           ->  Seq Scan on small_world small_world_1
(11 rows)

SELECT results_match('(SELECT * FROM small_world ORDER BY v <?> ''{1,0,1}'' ASC ) EXCEPT (SELECT * FROM small_world ORDER by v <?> ''{1,1,1}'' ASC LIMIT 5)',
    '(SELECT * FROM small_world ORDER BY l2sq_dist(v, ''{1,0,1}'') ASC ) EXCEPT (SELECT * FROM small_world ORDER by l2sq_dist(v, ''{1,1,1}'') ASC LIMIT 5)');
 results_match 
---------------
 t
(1 row)

-- HashAggregate
EXPLAIN (COSTS false) SELECT v, COUNT(*) FROM small_world GROUP BY v ORDER BY v <?> '{1,1,1}';
                  QUERY PLAN                   
-----------------------------------------------
 Sort
   Sort Key: (l2sq_dist(v, '{1,1,1}'::real[]))
   ->  HashAggregate
         Group Key: v
         ->  Seq Scan on small_world
(5 rows)

SELECT results_match('SELECT v, COUNT(*) FROM small_world GROUP BY v ORDER BY v <?> ''{1,1,1}''',
    'SELECT v, COUNT(*) FROM small_world GROUP BY v ORDER BY l2sq_dist(v, ''{1,1,1}'')');
 results_match 
---------------
 t
(1 row)

-- GroupBy this 
EXPLAIN (COSTS false) SELECT * FROM small_world GROUP BY id, v, b ORDER BY v <?> '{1,1,1}';
                  QUERY PLAN                   
-----------------------------------------------
 Sort
   Sort Key: (l2sq_dist(v, '{1,1,1}'::real[]))
   ->  HashAggregate
         Group Key: id, v, b
         ->  Seq Scan on small_world
(5 rows)

SELECT results_match('SELECT * FROM small_world GROUP BY id, v, b ORDER BY v <?> ''{1,1,1}''',
    'SELECT * FROM small_world GROUP BY id, v, b ORDER BY l2sq_dist(v, ''{1,1,1}'')');
 results_match 
---------------
 t
(1 row)

-- HashJoin/Hash
CREATE TABLE small_world_2 AS (SELECT * FROM small_world);
EXPLAIN (COSTS false) SELECT * FROM small_world JOIN small_world_2 using (v) ORDER BY v <?> '{1,1,1}';
                        QUERY PLAN                         
-----------------------------------------------------------
 Sort
   Sort Key: (l2sq_dist(small_world.v, '{1,1,1}'::real[]))
   ->  Hash Join
         Hash Cond: (small_world_2.v = small_world.v)
         ->  Seq Scan on small_world_2
         ->  Hash
               ->  Seq Scan on small_world
(7 rows)

SELECT results_match('SELECT * FROM small_world JOIN small_world_2 using (v) ORDER BY v <?> ''{1,1,1}''',
    'SELECT * FROM small_world JOIN small_world_2 using (v) ORDER BY l2sq_dist(v, ''{1,1,1}'')');
 results_match 
---------------
 t
(1 row)

-- MixedAggregate (this doesn't require additional logic, but I include it here as an example of generating the path)
EXPLAIN (COSTS false) SELECT v FROM small_world GROUP BY ROLLUP(v) ORDER BY v <?> '{1,1,1}';
                  QUERY PLAN                   
-----------------------------------------------
 Sort
   Sort Key: (l2sq_dist(v, '{1,1,1}'::real[]))
   ->  MixedAggregate
         Hash Key: v
         Group Key: ()
         ->  Seq Scan on small_world
(6 rows)

SELECT results_match('SELECT v FROM small_world GROUP BY ROLLUP(v) ORDER BY v <?> ''{1,1,1}''',
    'SELECT v FROM small_world GROUP BY ROLLUP(v) ORDER BY l2sq_dist(v, ''{1,1,1}'')');
 results_match 
---------------
 t
(1 row)

-- WindowAgg
EXPLAIN (COSTS false) SELECT v, EVERY(b) OVER () FROM small_world ORDER BY v <?> '{1,1,1}';
                  QUERY PLAN                   
-----------------------------------------------
 Sort
   Sort Key: (l2sq_dist(v, '{1,1,1}'::real[]))
   ->  WindowAgg
         ->  Seq Scan on small_world
(4 rows)

SELECT results_match('SELECT v, EVERY(b) OVER () FROM small_world ORDER BY v <?> ''{1,1,1}''',
    'SELECT v, EVERY(b) OVER () FROM small_world ORDER BY l2sq_dist(v, ''{1,1,1}'')');
 results_match 
---------------
 t
(1 row)

-- LockRows
EXPLAIN (COSTS false) SELECT * FROM small_world ORDER BY v <?> '{1,1,1}' ASC FOR UPDATE;
                     QUERY PLAN                      
-----------------------------------------------------
 LockRows
   ->  Sort
         Sort Key: (l2sq_dist(v, '{1,1,1}'::real[]))
         ->  Seq Scan on small_world
(4 rows)

SELECT results_match('SELECT * FROM small_world ORDER BY v <?> ''{1,1,1}'' ASC FOR UPDATE',
    'SELECT * FROM small_world ORDER BY l2sq_dist(v, ''{1,1,1}'') ASC FOR UPDATE');
 results_match 
---------------
 t
(1 row)

rollback;
set enable_indexscan = true;
set enable_seqscan = false;
-- test pagination in face of duplicates
-- Previously, usearch did not natively support pagination, so, we doubled number of elements we asked from it when more was needed.
-- this had issues in face of dupliates since consequitive search run could have slightly different order, resulting in some duplicate results and some missing results
-- the current approach of pagination that integrates streaming API into usearch, no longer has the issue, so we moved this test from hnsw_todo to here, to verify
-- pagination works correctly
DROP TABLE IF EXISTS small_world_repeat;
NOTICE:  table "small_world_repeat" does not exist, skipping
CREATE TABLE small_world_repeat (
    id SERIAL,
    v REAL[]
);
INSERT INTO small_world_repeat (id,v) VALUES
(0, ARRAY[0,0,0,0,0,0,0,0,0,0,0,0,0,0,0,0]),
(1, ARRAY[0.1,0.1,0.1,0.1,0.1,0.1,0.1,0.1,0.1,0.1,0.1,0.1,0.1,0.1,0.1,0.1]),
(2, ARRAY[0.2,0.2,0.2,0.2,0.2,0.2,0.2,0.2,0.2,0.2,0.2,0.2,0.2,0.2,0.2,0.2]),
(3, ARRAY[0.3,0.3,0.3,0.3,0.3,0.3,0.3,0.3,0.3,0.3,0.3,0.3,0.3,0.3,0.3,0.3]),
(4, ARRAY[0.4,0.4,0.4,0.4,0.4,0.4,0.4,0.4,0.4,0.4,0.4,0.4,0.4,0.4,0.4,0.4]),
(5, ARRAY[0.5,0.5,0.5,0.5,0.5,0.5,0.5,0.5,0.5,0.5,0.5,0.5,0.5,0.5,0.5,0.5]),
(6, ARRAY[0.6,0.6,0.6,0.6,0.6,0.6,0.6,0.6,0.6,0.6,0.6,0.6,0.6,0.6,0.6,0.6]),
(7, ARRAY[0.7,0.7,0.7,0.7,0.7,0.7,0.7,0.7,0.7,0.7,0.7,0.7,0.7,0.7,0.7,0.7]),
(8, ARRAY[0.8,0.8,0.8,0.8,0.8,0.8,0.8,0.8,0.8,0.8,0.8,0.8,0.8,0.8,0.8,0.8]),
(9, ARRAY[0.9,0.9,0.9,0.9,0.9,0.9,0.9,0.9,0.9,0.9,0.9,0.9,0.9,0.9,0.9,0.9]);
CREATE OR REPLACE FUNCTION fill_same() RETURNS VOID AS $$
BEGIN
FOR i in 1..1000 LOOP
  INSERT INTO small_world_repeat (id,v) VALUES (1000 + i, ARRAY[0.4,0.4,0.4,0.4,0.4,0.4,0.4,0.4,0.4,0.4,0.4,0.4,0.4,0.4,0.4,0.4]);
END LOOP;
END;
$$ LANGUAGE plpgsql;
SELECT fill_same();
 fill_same 
-----------
 
(1 row)

CREATE INDEX hnsw_l2_index_repeat ON small_world_repeat USING lantern_hnsw(v);
INFO:  done init usearch index
INFO:  inserted 1010 elements
INFO:  done saving 1010 vectors
set lantern_hnsw.init_k=3;
-- the query searches for the nearest 600 vectors closest to the duplicated constant vector above. It then aggregates all results in the outer query by number of times each id appears
-- if pagination worked correctly, we would expect all ids to appear at most once, but as you can see many of them appear 3 times below
explain (costs false) select id, ARRAY_AGG(dist) as dists, count(id) as cnt from (select id, (v <-> ARRAY[0.4,0.4,0.4,0.4,0.4,0.4,0.4,0.4,0.4,0.4,0.4,0.4,0.4,0.4,0.4,0.4]) as dist FROM small_world_repeat order by dist LIMIT 200) b group by id order by cnt DESC, dists, id limit 10;
                                                                                             QUERY PLAN                                                                                              
-----------------------------------------------------------------------------------------------------------------------------------------------------------------------------------------------------
 Limit
   ->  Sort
         Sort Key: (count(small_world_repeat.id)) DESC, (array_agg(((small_world_repeat.v <-> '{0.4,0.4,0.4,0.4,0.4,0.4,0.4,0.4,0.4,0.4,0.4,0.4,0.4,0.4,0.4,0.4}'::real[])))), small_world_repeat.id
         ->  HashAggregate
               Group Key: small_world_repeat.id
               ->  Limit
                     ->  Index Scan using hnsw_l2_index_repeat on small_world_repeat
                           Order By: (v <-> '{0.4,0.4,0.4,0.4,0.4,0.4,0.4,0.4,0.4,0.4,0.4,0.4,0.4,0.4,0.4,0.4}'::real[])
(8 rows)

        select case when s.cnt > 1 then 'incorrect' else 'correct' end from (
          select id, ARRAY_AGG(dist) as dists, count(id) as cnt from (select id, (v <-> ARRAY[0.4,0.4,0.4,0.4,0.4,0.4,0.4,0.4,0.4,0.4,0.4,0.4,0.4,0.4,0.4,0.4]) as dist FROM small_world_repeat order by dist LIMIT 200) b group by id order by cnt DESC, dists, id limit 10
        ) s;
  case   
---------
 correct
 correct
 correct
 correct
 correct
 correct
 correct
 correct
 correct
 correct
(10 rows)

set lantern_hnsw.init_k=200;
        select id, ARRAY_AGG(dist) as dists, count(id) as cnt from (select id, (v <-> ARRAY[0.4,0.4,0.4,0.4,0.4,0.4,0.4,0.4,0.4,0.4,0.4,0.4,0.4,0.4,0.4,0.4]) as dist FROM small_world_repeat order by dist LIMIT 200) b group by id order by cnt DESC, dists, id limit 10;
  id  | dists | cnt 
------+-------+-----
    4 | {0}   |   1
 1001 | {0}   |   1
 1002 | {0}   |   1
 1003 | {0}   |   1
 1004 | {0}   |   1
 1005 | {0}   |   1
 1006 | {0}   |   1
 1007 | {0}   |   1
 1008 | {0}   |   1
 1009 | {0}   |   1
(10 rows)

-- todo:: Verify joins work and still use index
-- todo:: Verify incremental sorts work
-- Validate index data structures
SELECT _lantern_internal.validate_index('small_world_v_idx', false);
INFO:  validate_index() start for small_world_v_idx
INFO:  validate_index() done, no issues found.
 validate_index 
----------------
 
(1 row)

SELECT _lantern_internal.validate_index('sift_base1k_v_idx', false);
INFO:  validate_index() start for sift_base1k_v_idx
INFO:  validate_index() done, no issues found.
 validate_index 
----------------
 
(1 row)

SELECT _lantern_internal.validate_index('test1_v_idx', false);
INFO:  validate_index() start for test1_v_idx
INFO:  validate_index() done, no issues found.
 validate_index 
----------------
 
(1 row)

