\ir utils/small_world_array.sql
CREATE TABLE small_world (
    id VARCHAR(3),
    b BOOLEAN,
    v REAL[3]
);
INSERT INTO small_world (id, b, v) VALUES
    ('000', TRUE,  '{0,0,0}'),
    ('001', TRUE,  '{0,0,1}'),
    ('010', FALSE, '{0,1,0}'),
    ('011', TRUE,  '{0,1,1}'),
    ('100', FALSE, '{1,0,0}'),
    ('101', FALSE, '{1,0,1}'),
    ('110', FALSE, '{1,1,0}'),
    ('111', TRUE,  '{1,1,1}');
DROP EXTENSION lantern;
\set ON_ERROR_STOP off
-- make sure the extension was dropped.
CREATE INDEX ON small_world USING hnsw (v) WITH (dim=3);
ERROR:  access method "hnsw" does not exist
\set ON_ERROR_STOP on
-- test creating lantern on different schemas
CREATE SCHEMA schema1;
CREATE SCHEMA schema2;
CREATE EXTENSION lantern WITH SCHEMA schema1;
-- show all the extension functions and operators
SELECT ne.nspname AS extschema, p.proname, np.nspname AS proschema
FROM pg_catalog.pg_extension AS e
    INNER JOIN pg_catalog.pg_depend AS d ON (d.refobjid = e.oid)
    INNER JOIN pg_catalog.pg_proc AS p ON (p.oid = d.objid)
    INNER JOIN pg_catalog.pg_namespace AS ne ON (ne.oid = e.extnamespace)
    INNER JOIN pg_catalog.pg_namespace AS np ON (np.oid = p.pronamespace)
WHERE d.deptype = 'e' AND e.extname = 'lantern'
ORDER BY 1, 3, 2;
 extschema |                proname                 |     proschema     
-----------+----------------------------------------+-------------------
 schema1   | _create_ldb_operator_classes           | _lantern_internal
 schema1   | continue_blockmap_group_initialization | _lantern_internal
 schema1   | create_pq_codebook                     | _lantern_internal
 schema1   | failure_point_enable                   | _lantern_internal
 schema1   | forbid_table_change                    | _lantern_internal
 schema1   | quantize_vector                        | _lantern_internal
 schema1   | reindex_lantern_indexes                | _lantern_internal
 schema1   | validate_index                         | _lantern_internal
 schema1   | cos_dist                               | schema1
 schema1   | create_pq_codebook                     | schema1
 schema1   | decompress_vector                      | schema1
 schema1   | hamming_dist                           | schema1
 schema1   | hnsw_handler                           | schema1
 schema1   | l2sq_dist                              | schema1
 schema1   | lantern_reindex_external_index         | schema1
 schema1   | ldb_cast_array_pqvec                   | schema1
 schema1   | ldb_cast_pqvec_array                   | schema1
 schema1   | ldb_generic_dist                       | schema1
 schema1   | ldb_generic_dist                       | schema1
 schema1   | ldb_pqvec_in                           | schema1
 schema1   | ldb_pqvec_out                          | schema1
 schema1   | ldb_pqvec_recv                         | schema1
 schema1   | ldb_pqvec_send                         | schema1
 schema1   | quantize_table                         | schema1
 schema1   | quantize_vector                        | schema1
(25 rows)

-- show all the extension operators
SELECT ne.nspname AS extschema, op.oprname, np.nspname AS proschema
FROM pg_catalog.pg_extension AS e
    INNER JOIN pg_catalog.pg_depend AS d ON (d.refobjid = e.oid)
    INNER JOIN pg_catalog.pg_operator AS op ON (op.oid = d.objid)
    INNER JOIN pg_catalog.pg_namespace AS ne ON (ne.oid = e.extnamespace)
    INNER JOIN pg_catalog.pg_namespace AS np ON (np.oid = op.oprnamespace)
WHERE d.deptype = 'e' AND e.extname = 'lantern'
ORDER BY 1, 3;
 extschema | oprname | proschema 
-----------+---------+-----------
 schema1   | <?>     | schema1
 schema1   | <?>     | schema1
 schema1   | <->     | schema1
 schema1   | <=>     | schema1
 schema1   | <+>     | schema1
(5 rows)

SET search_path TO public, schema1;
-- extension function is accessible
SELECT l2sq_dist(ARRAY[1.0, 2.0, 3.0], ARRAY[4.0, 5.0, 6.0]);
 l2sq_dist 
-----------
        27
(1 row)

CREATE INDEX hnsw_index ON small_world USING hnsw(v) WITH (dim=3);
INFO:  done init usearch index
INFO:  inserted 8 elements
INFO:  done saving 8 vectors
SELECT _lantern_internal.validate_index('hnsw_index', false);
INFO:  validate_index() start for hnsw_index
INFO:  validate_index() done, no issues found.
 validate_index 
----------------
 
(1 row)

\set ON_ERROR_STOP off
-- lantern does not support relocation.
-- Postgres will not allow it to support this since its objects span over more than one schema
ALTER EXTENSION lantern SET SCHEMA schema2;
ERROR:  extension "lantern" does not support SET SCHEMA
-- this will fail because functions from extension lantern in schema1 are in search path and will conflict
CREATE EXTENSION lantern WITH SCHEMA schema2;
ERROR:  extension "lantern" already exists
\set ON_ERROR_STOP on
SELECT ne.nspname AS extschema, op.oprname, np.nspname AS proschema
FROM pg_catalog.pg_extension AS e
    INNER JOIN pg_catalog.pg_depend AS d ON (d.refobjid = e.oid)
    INNER JOIN pg_catalog.pg_operator AS op ON (op.oid = d.objid)
    INNER JOIN pg_catalog.pg_namespace AS ne ON (ne.oid = e.extnamespace)
    INNER JOIN pg_catalog.pg_namespace AS np ON (np.oid = op.oprnamespace)
WHERE d.deptype = 'e' AND e.extname = 'lantern'
ORDER BY 1, 3;
 extschema | oprname | proschema 
-----------+---------+-----------
 schema1   | <?>     | schema1
 schema1   | <?>     | schema1
 schema1   | <->     | schema1
 schema1   | <=>     | schema1
 schema1   | <+>     | schema1
(5 rows)

SET search_path TO public, schema2;
--extension access method is still accessible since access methods are not schema-qualified
CREATE INDEX hnsw_index2 ON small_world USING hnsw(v) WITH (dim=3);
INFO:  done init usearch index
INFO:  inserted 8 elements
INFO:  done saving 8 vectors
SELECT _lantern_internal.validate_index('hnsw_index2', false);
INFO:  validate_index() start for hnsw_index2
INFO:  validate_index() done, no issues found.
 validate_index 
----------------
 
(1 row)

\set ON_ERROR_STOP off
-- extension function cannot be found without schema-qualification
SELECT l2sq_dist(ARRAY[1.0, 2.0, 3.0], ARRAY[4.0, 5.0, 6.0]);
ERROR:  function l2sq_dist(numeric[], numeric[]) does not exist at character 8
\set ON_ERROR_STOP on
SELECT schema1.l2sq_dist(ARRAY[1.0, 2.0, 3.0], ARRAY[4.0, 5.0, 6.0]);
 l2sq_dist 
-----------
        27
(1 row)

