---------------------------------------------------------------------
-- Test HNSW index inserts on empty table
---------------------------------------------------------------------
CREATE TABLE small_world (
    id SERIAL PRIMARY KEY,
    v REAL[2]
);
CREATE INDEX ON small_world USING hnsw (v) WITH (dims=3);
INFO:  done init usearch index
INFO:  inserted 0 elements
INFO:  done saving 0 vectors
-- Insert rows with valid vector data
INSERT INTO small_world (v) VALUES ('{0,0,1}'), ('{0,1,0}');
INSERT INTO small_world (v) VALUES (NULL);
-- Attempt to insert a row with an incorrect vector length
\set ON_ERROR_STOP off
INSERT INTO small_world (v) VALUES ('{1,1,1,1}');
ERROR:  Wrong number of dimensions: 4 instead of 3 expected
\set ON_ERROR_STOP on
DROP TABLE small_world;
---------------------------------------------------------------------
-- Test HNSW index inserts on non-empty table
---------------------------------------------------------------------
\ir utils/small_world_array.sql
CREATE TABLE small_world (
    id VARCHAR(3),
    b BOOLEAN,
    v REAL[3]
);
INSERT INTO small_world (id, b, v) VALUES
    ('000', TRUE,  '{0,0,0}'),
    ('001', TRUE,  '{0,0,1}'),
    ('010', FALSE, '{0,1,0}'),
    ('011', TRUE,  '{0,1,1}'),
    ('100', FALSE, '{1,0,0}'),
    ('101', FALSE, '{1,0,1}'),
    ('110', FALSE, '{1,1,0}'),
    ('111', TRUE,  '{1,1,1}');
CREATE INDEX ON small_world USING hnsw (v) WITH (dims=3);
INFO:  done init usearch index
INFO:  inserted 8 elements
INFO:  done saving 8 vectors
SET enable_seqscan = false;
-- Inserting vectors of the same dimension and nulls should work
INSERT INTO small_world (v) VALUES ('{1,1,2}');
INSERT INTO small_world (v) VALUES (NULL);
-- Inserting vectors of different dimension should fail
\set ON_ERROR_STOP off
INSERT INTO small_world (v) VALUES ('{4,4,4,4}');
ERROR:  Wrong number of dimensions: 4 instead of 3 expected
\set ON_ERROR_STOP on
-- Verify that the index works with the inserted vectors
SELECT
    id,
    ROUND(l2sq_dist(v, '{0,0,0}')::numeric, 2)
FROM
    small_world
ORDER BY
    v <-> '{0,0,0}';
INFO:  began scanning with 0 keys and 1 orderbys
INFO:  starting scan with dimensions=3 M=16 efConstruction=128 ef=64
INFO:  usearch index initialized
 id  | round 
-----+-------
 000 |  0.00
 001 |  1.00
 010 |  1.00
 100 |  1.00
 011 |  2.00
 101 |  2.00
 110 |  2.00
 111 |  3.00
     |  6.00
(9 rows)

-- Ensure the index size remains consistent after inserts
SELECT * from ldb_get_indexes('small_world');
     indexname     | size  |                                      indexdef                                       | total_index_size 
-------------------+-------+-------------------------------------------------------------------------------------+------------------
 small_world_v_idx | 24 kB | CREATE INDEX small_world_v_idx ON public.small_world USING hnsw (v) WITH (dims='3') | 24 kB
(1 row)

-- Ensure the query plan remains consistent after inserts
EXPLAIN (COSTS FALSE)
SELECT
    id,
    ROUND(l2sq_dist(v, '{0,0,0}')::numeric, 2)
FROM
    small_world
ORDER BY
    v <-> '{0,0,0}'
LIMIT 10;
                       QUERY PLAN                        
---------------------------------------------------------
 Limit
   ->  Index Scan using small_world_v_idx on small_world
         Order By: (v <-> '{0,0,0}'::real[])
(3 rows)

-- Test the index with a larger number of vectors
CREATE TABLE sift_base10k (
    id SERIAL PRIMARY KEY,
    v REAL[128]
);
CREATE INDEX hnsw_idx ON sift_base10k USING hnsw (v dist_l2sq_ops) WITH (M=2, ef_construction=10, ef=4, dims=128);
INFO:  done init usearch index
INFO:  inserted 0 elements
INFO:  done saving 0 vectors
\COPY sift_base10k (v) FROM '/tmp/lanterndb/vector_datasets/siftsmall_base_arrays.csv' WITH CSV;
SELECT v AS v4444 FROM sift_base10k WHERE id = 4444 \gset
EXPLAIN SELECT * FROM sift_base10k order by v <-> :'v4444'
                                                                                                                                                                                       QUERY PLAN                                                                                                                                                                                        
-----------------------------------------------------------------------------------------------------------------------------------------------------------------------------------------------------------------------------------------------------------------------------------------------------------------------------------------------------------------------------------------
 Index Scan using hnsw_idx on sift_base10k  (cost=0.00..3999.45 rows=90805 width=40)
   Order By: (v <-> '{55,61,11,4,5,2,13,24,65,49,13,9,23,37,94,38,54,11,14,14,40,31,50,44,53,4,0,0,27,17,8,34,12,10,4,4,22,52,68,53,9,2,0,0,2,116,119,64,119,2,0,0,2,30,119,119,116,5,0,8,47,9,5,60,7,7,10,23,56,50,23,5,28,68,6,18,24,65,50,9,119,75,3,0,1,8,12,85,119,11,4,6,8,9,5,74,25,11,8,20,18,12,2,21,11,90,25,32,33,15,2,9,84,67,8,4,22,31,11,33,119,30,3,6,0,0,0,26}'::real[])
(2 rows)

