CREATE EXTENSION IF NOT EXISTS lanterndb;
NOTICE:  extension "lanterndb" already exists, skipping
\set ON_ERROR_STOP off
DROP TABLE IF EXISTS small_world;
CREATE TABLE small_world (
    id varchar(3),
    vector real[]
);
INSERT INTO small_world (id, vector) VALUES ('001', '{0,0,0,0}');
CREATE INDEX ON small_world USING hnsw (vector) WITH (dims=4);
INFO:  done init usearch index
INFO:  inserted 1 elements
INFO:  done saving 1 vectors
-- should throw dimension error
INSERT INTO small_world (id, vector) VALUES ('002', '{0,0,0}');
ERROR:  Wrong number of dimensions: 3 instead of 4 expected
-- should insert successfully
INSERT INTO small_world (id, vector) VALUES ('003', '{0,0,0,0}');
