-- This file is intentionally left empty to make regression test failures visible.
-- Tests in the corresponding SQL file must be migrated elsewhere after they are addressed.