---------------------------------------------------------------------
-- Test HNSW index with pgvector dependency
---------------------------------------------------------------------
-- Note: We drop the Lantern extension and re-create it because Lantern only supports
-- pgvector if it is present on initialization
DROP EXTENSION IF EXISTS lantern;
CREATE EXTENSION IF NOT EXISTS vector;
CREATE EXTENSION lantern;
RESET client_min_messages;
SET lantern.pgvector_compat=FALSE;
-- Verify basic functionality of pgvector
SELECT '[1,2,3]'::vector;
 vector  
---------
 [1,2,3]
(1 row)

-- Test index creation x2 on empty table and subsequent inserts
CREATE TABLE items (id SERIAL PRIMARY KEY, trait_ai VECTOR(3));
INSERT INTO items (trait_ai) VALUES ('[1,2,3]'), ('[4,5,6]');
CREATE INDEX ON items USING lantern_hnsw (trait_ai dist_vec_l2sq_ops) WITH (dim=3, M=2);
INFO:  done init usearch index
INFO:  inserted 2 elements
INFO:  done saving 2 vectors
INSERT INTO items (trait_ai) VALUES ('[6,7,8]');
CREATE INDEX ON items USING lantern_hnsw (trait_ai dist_vec_l2sq_ops) WITH (dim=3, M=4);
INFO:  done init usearch index
INFO:  inserted 3 elements
INFO:  done saving 3 vectors
INSERT INTO items (trait_ai) VALUES ('[10,10,10]'), (NULL);
SELECT * FROM items ORDER BY trait_ai <?> '[0,0,0]' LIMIT 3;
 id | trait_ai 
----+----------
  1 | [1,2,3]
  2 | [4,5,6]
  3 | [6,7,8]
(3 rows)

SELECT * FROM ldb_get_indexes('items');
      indexname      | size  |                                           indexdef                                            | indisvalid 
---------------------+-------+-----------------------------------------------------------------------------------------------+------------
 items_pkey          | 16 kB | CREATE UNIQUE INDEX items_pkey ON items USING btree (id)                                      | t
 items_trait_ai_idx  | 16 kB | CREATE INDEX items_trait_ai_idx ON items USING lantern_hnsw (trait_ai) WITH (dim='3', m='2')  | t
 items_trait_ai_idx1 | 16 kB | CREATE INDEX items_trait_ai_idx1 ON items USING lantern_hnsw (trait_ai) WITH (dim='3', m='4') | t
(3 rows)

-- Test index creation on table with existing data
\ir utils/small_world_vector.sql
CREATE TABLE small_world (
    id VARCHAR(3),
    b BOOLEAN,
    v VECTOR(3)
);
INSERT INTO small_world (id, b, v) VALUES
    ('000', TRUE,  '[0,0,0]'),
    ('001', TRUE,  '[0,0,1]'),
    ('010', FALSE, '[0,1,0]'),
    ('011', TRUE,  '[0,1,1]'),
    ('100', FALSE, '[1,0,0]'),
    ('101', FALSE, '[1,0,1]'),
    ('110', FALSE, '[1,1,0]'),
    ('111', TRUE,  '[1,1,1]');
SET enable_seqscan = false;
CREATE INDEX ON small_world USING lantern_hnsw (v) WITH (dim=3, M=5, ef=20, ef_construction=20);
INFO:  done init usearch index
INFO:  inserted 8 elements
INFO:  done saving 8 vectors
SELECT * FROM ldb_get_indexes('small_world');
     indexname     | size  |                                                         indexdef                                                          | indisvalid 
-------------------+-------+---------------------------------------------------------------------------------------------------------------------------+------------
 small_world_v_idx | 16 kB | CREATE INDEX small_world_v_idx ON small_world USING lantern_hnsw (v) WITH (dim='3', m='5', ef='20', ef_construction='20') | t
(1 row)

INSERT INTO small_world (v) VALUES ('[99,99,2]');
INSERT INTO small_world (v) VALUES (NULL);
-- Distance functions
SELECT ROUND(l2sq_dist(v, '[0,1,0]'::VECTOR)::numeric, 2) as dist
FROM small_world ORDER BY v <?> '[0,1,0]'::VECTOR LIMIT 7;
 dist 
------
 0.00
 1.00
 1.00
 1.00
 2.00
 2.00
 2.00
(7 rows)

EXPLAIN (COSTS FALSE) SELECT ROUND(l2sq_dist(v, '[0,1,0]'::VECTOR)::numeric, 2) as dist
FROM small_world ORDER BY v <?> '[0,1,0]'::VECTOR LIMIT 7;
                       QUERY PLAN                        
---------------------------------------------------------
 Limit
   ->  Index Scan using small_world_v_idx on small_world
         Order By: (v <?> '[0,1,0]'::vector)
(3 rows)

SELECT ROUND(l2sq_dist(v, '[0,1,0]'::VECTOR)::numeric, 2) as dist
FROM small_world ORDER BY v <?> '[0,1,0]'::VECTOR LIMIT 7;
 dist 
------
 0.00
 1.00
 1.00
 1.00
 2.00
 2.00
 2.00
(7 rows)

EXPLAIN (COSTS FALSE) SELECT ROUND(l2sq_dist(v, '[0,1,0]'::VECTOR)::numeric, 2) as dist
FROM small_world ORDER BY v <?> '[0,1,0]'::VECTOR LIMIT 7;
                       QUERY PLAN                        
---------------------------------------------------------
 Limit
   ->  Index Scan using small_world_v_idx on small_world
         Order By: (v <?> '[0,1,0]'::vector)
(3 rows)

-- Verify that index creation on a large vector produces an error
CREATE TABLE large_vector (v VECTOR(2001));
\set ON_ERROR_STOP off
CREATE INDEX ON large_vector USING lantern_hnsw (v);
ERROR:  vector dimension 2001 is too large. LanternDB currently supports up to 2000dim vectors
\set ON_ERROR_STOP on
-- Validate that index creation works with a larger number of vectors
CREATE TABLE sift_base10k (
    id SERIAL PRIMARY KEY,
    v VECTOR(128)
);
\COPY sift_base10k (v) FROM '/tmp/lantern/vector_datasets/siftsmall_base.csv' WITH CSV;
CREATE INDEX hnsw_idx ON sift_base10k USING lantern_hnsw (v);
INFO:  done init usearch index
INFO:  inserted 10000 elements
INFO:  done saving 10000 vectors
SELECT v AS v4444 FROM sift_base10k WHERE id = 4444 \gset
EXPLAIN (COSTS FALSE) SELECT * FROM sift_base10k ORDER BY v <?> :'v4444' LIMIT 10;
                                                                                                                                                                                          QUERY PLAN                                                                                                                                                                                           
-----------------------------------------------------------------------------------------------------------------------------------------------------------------------------------------------------------------------------------------------------------------------------------------------------------------------------------------------------------------------------------------------
 Limit
   ->  Index Scan using hnsw_idx on sift_base10k
         Order By: (v <?> '[55,61,11,4,5,2,13,24,65,49,13,9,23,37,94,38,54,11,14,14,40,31,50,44,53,4,0,0,27,17,8,34,12,10,4,4,22,52,68,53,9,2,0,0,2,116,119,64,119,2,0,0,2,30,119,119,116,5,0,8,47,9,5,60,7,7,10,23,56,50,23,5,28,68,6,18,24,65,50,9,119,75,3,0,1,8,12,85,119,11,4,6,8,9,5,74,25,11,8,20,18,12,2,21,11,90,25,32,33,15,2,9,84,67,8,4,22,31,11,33,119,30,3,6,0,0,0,26]'::vector)
(3 rows)

-- Ensure we can query an index for more elements than the value of init_k
SET lantern_hnsw.init_k = 4;
WITH neighbors AS (
    SELECT * FROM small_world order by v <?> '[1,0,0]' LIMIT 3
) SELECT COUNT(*) from neighbors;
 count 
-------
     3
(1 row)

WITH neighbors AS (
    SELECT * FROM small_world order by v <?> '[1,0,0]' LIMIT 15
) SELECT COUNT(*) from neighbors;
 count 
-------
     9
(1 row)

RESET client_min_messages;
\set ON_ERROR_STOP off
-- Expect error due to improper use of the <?> operator outside of its supported context
SELECT ARRAY[1,2,3] <?> ARRAY[3,2,1];
ERROR:  Operator <?> is invalid outside of ORDER BY context
-- Expect error due to mismatching vector dimensions
SELECT 1 FROM small_world ORDER BY v <?> '[0,1,0,1]' LIMIT 1;
ERROR:  Expected vector with dimension 3, got 4
SELECT l2sq_dist('[1,1]'::vector, '[0,1,0]'::vector);
ERROR:  expected equally sized vectors but got vectors with dimensions 2 and 3
-- Test creating index with expression
CREATE TABLE test_table (id INTEGER);
INSERT INTO test_table VALUES (0), (1), (7);
CREATE OR REPLACE FUNCTION int_to_fixed_binary_vector(n INT) RETURNS vector AS $$
DECLARE
    binary_string TEXT;
    real_array REAL[] := '{}';
    i INT;
BEGIN
    binary_string := lpad(CAST(n::BIT(3) AS TEXT), 3, '0');
    FOR i IN 1..length(binary_string)
    LOOP
        real_array := array_append(real_array, CAST(substring(binary_string, i, 1) AS REAL));
    END LOOP;
    RETURN real_array::vector;
END;
$$ LANGUAGE plpgsql IMMUTABLE;
CREATE INDEX ON test_table USING lantern_hnsw (int_to_fixed_binary_vector(id)) WITH (M=2);
INFO:  done init usearch index
INFO:  inserted 3 elements
INFO:  done saving 3 vectors
-- Make sure that lantern_hnsw is working correctly alongside pgvector
CREATE TABLE small_world_arr (id SERIAL PRIMARY KEY, v REAL[]);
INSERT INTO small_world_arr (v) VALUES ('{0,0,0}'), ('{0,0,1}'), ('{0,0,2}');
CREATE INDEX l2_idx ON small_world_arr USING lantern_hnsw(v) WITH (dim=3, m=2);
INFO:  done init usearch index
INFO:  inserted 3 elements
INFO:  done saving 3 vectors
EXPLAIN (COSTS FALSE) SELECT id FROM small_world_arr ORDER BY v <?> ARRAY[0,0,0];
                 QUERY PLAN                 
--------------------------------------------
 Index Scan using l2_idx on small_world_arr
   Order By: (v <?> '{0,0,0}'::real[])
(2 rows)

SELECT id FROM small_world_arr ORDER BY v <?> ARRAY[0,0,0];
 id 
----
  1
  2
  3
(3 rows)

DROP INDEX l2_idx;
CREATE INDEX cos_idx ON small_world_arr USING lantern_hnsw(v) WITH (m=2);
INFO:  done init usearch index
INFO:  inserted 3 elements
INFO:  done saving 3 vectors
SELECT id FROM small_world_arr ORDER BY v <?> ARRAY[0,0,0];
 id 
----
  1
  2
  3
(3 rows)

DROP INDEX cos_idx;
CREATE INDEX ham_idx ON small_world_arr USING lantern_hnsw(v) WITH (m=3);
INFO:  done init usearch index
INFO:  inserted 3 elements
INFO:  done saving 3 vectors
SELECT id FROM small_world_arr ORDER BY v <?> ARRAY[0,0,0];
 id 
----
  1
  2
  3
(3 rows)

-- Test pgvector in lantern.pgvector_compat=TRUE mode
DROP TABLE small_world;
\ir utils/small_world_vector.sql
CREATE TABLE small_world (
    id VARCHAR(3),
    b BOOLEAN,
    v VECTOR(3)
);
INSERT INTO small_world (id, b, v) VALUES
    ('000', TRUE,  '[0,0,0]'),
    ('001', TRUE,  '[0,0,1]'),
    ('010', FALSE, '[0,1,0]'),
    ('011', TRUE,  '[0,1,1]'),
    ('100', FALSE, '[1,0,0]'),
    ('101', FALSE, '[1,0,1]'),
    ('110', FALSE, '[1,1,0]'),
    ('111', TRUE,  '[1,1,1]');
-- Distance functions
SET lantern.pgvector_compat=TRUE;
SET enable_seqscan=OFF;
-- Note:
-- For l2sqs and cosine distances in SELECT statement 
-- It is better to use the function by name like cos_dist or l2sq_dist
-- As operators for vector types are provided from pgvector, so it may cause undefined behaviour
-- l2sq index
CREATE INDEX l2_idx ON small_world USING lantern_hnsw (v) WITH (dim=3, M=5, ef=20, ef_construction=20);
INFO:  done init usearch index
INFO:  inserted 8 elements
INFO:  done saving 8 vectors
SELECT ROUND(l2sq_dist(v, '[0,1,0]'::VECTOR)::numeric, 2) as dist
FROM small_world ORDER BY v <-> '[0,1,0]'::VECTOR LIMIT 7;
 dist 
------
 0.00
 1.00
 1.00
 1.00
 2.00
 2.00
 2.00
(7 rows)

EXPLAIN (COSTS FALSE) SELECT ROUND(l2sq_dist(v, '[0,1,0]'::VECTOR)::numeric, 2) as dist
FROM small_world ORDER BY v <-> '[0,1,0]'::VECTOR LIMIT 7;
                  QUERY PLAN                  
----------------------------------------------
 Limit
   ->  Index Scan using l2_idx on small_world
         Order By: (v <-> '[0,1,0]'::vector)
(3 rows)

-- cosine index
CREATE INDEX cos_idx ON small_world  USING lantern_hnsw (v dist_vec_cos_ops);
INFO:  done init usearch index
INFO:  inserted 8 elements
INFO:  done saving 8 vectors
SELECT ROUND(cos_dist(v, '[0,1,0]'::VECTOR)::numeric, 2) as dist
FROM small_world ORDER BY v <=> '[0,1,0]'::VECTOR LIMIT 7;
 dist 
------
 0.00
 0.29
 0.29
 0.42
 1.00
 1.00
 1.00
(7 rows)

EXPLAIN (COSTS FALSE) SELECT ROUND(cos_dist(v, '[0,1,0]'::VECTOR)::numeric, 2) as dist
FROM small_world ORDER BY v <=> '[0,1,0]'::VECTOR LIMIT 7;
                  QUERY PLAN                   
-----------------------------------------------
 Limit
   ->  Index Scan using cos_idx on small_world
         Order By: (v <=> '[0,1,0]'::vector)
(3 rows)

