\qecho

\set ON_ERROR_STOP on
CREATE TABLE tsv_data (
    language text,
    page_url text,
    image_url text,
    page_title text,
    section_title text,
    hierarchical_section_title text,
    caption_reference_description text,
    caption_attribution_description text,
    caption_alt_text_description text,
    mime_type text,
    original_height integer,
    original_width integer,
    is_main_image boolean,
    attribution_passes_lang_id boolean,
    page_changed_recently boolean,
    context_page_description text,
    context_section_description text,
    id integer NOT NULL,
    context_page_description_ai vector(512),
    image_ai vector(512)
);
CREATE SEQUENCE tsv_data_id_seq
    AS integer
    START WITH 1
    INCREMENT BY 1
    NO MINVALUE
    NO MAXVALUE
    CACHE 1;
ALTER TABLE ONLY tsv_data ALTER COLUMN id SET DEFAULT nextval('tsv_data_id_seq'::regclass);
ALTER TABLE ONLY tsv_data
    ADD CONSTRAINT tsv_data_pkey PRIMARY KEY (id);
\copy tsv_data FROM '/tmp/lanterndb/vector_datasets/tsv_wiki_sample.csv' DELIMITER E'\t';
-- introduce a WITH statement to round returned distances AFTER a lookup
with t as (select id, page_title,  vector_l2sq_dist(context_page_description_ai, (select context_page_description_ai from tsv_data where id = 81386)) as dist
 from tsv_data order by dist
 limit 10) select id, page_title, ROUND( dist::numeric, 2) from t;
  id   |              page_title              | round 
-------+--------------------------------------+-------
 81386 | Madge Elliott                        |  0.00
 81735 | Frank Hall Crane                     | 30.59
 95321 | Miriam Van Waters                    | 42.08
 81583 | Emile P. Moses                       | 42.98
 81417 | Victor Iamandi                       | 47.85
 81601 | Graciela                             | 48.44
 81377 | Robert Christie (Ontario politician) | 49.58
 81375 | Ralph Dacre, 3rd Baron Dacre         | 50.71
 95386 | Alexandre Étienne Choron             | 50.93
 81846 | Frank Carlucci                       | 52.53
(10 rows)

CREATE INDEX index1 ON tsv_data USING hnsw (context_page_description_ai vector_l2_ops);
INFO:  done init usearch index
INFO:  inserted 100 elements
INFO:  done saving 100 vectors
CREATE INDEX ON tsv_data USING hnsw (context_page_description_ai) with (ef = 100, ef_construction=150 , M=11, alg="hnswlib");
INFO:  done init usearch index
INFO:  inserted 100 elements
INFO:  done saving 100 vectors
set enable_seqscan=false;
-- todo:: find a different way to ensure that the index used. "\set enable_seqscan=false;" is not enough
-- and, the following produces a different output on pg11
-- explain with t as (select id, page_title, context_page_description_ai <-> (select context_page_description_ai from tsv_data where id = 81386) as dist
--  from tsv_data order by dist limit 10) select id, page_title, ROUND( dist::numeric, 2) from t;
-- introduce a WITH statement to round returned distances AFTER a lookup so the index can be used
with t as (select id, page_title, vector_l2sq_dist(context_page_description_ai, (select context_page_description_ai from tsv_data where id = 81386)) as dist
 from tsv_data order by dist limit 10) select id, page_title, ROUND( dist::numeric, 2) from t;
  id   |              page_title              | round 
-------+--------------------------------------+-------
 81386 | Madge Elliott                        |  0.00
 81735 | Frank Hall Crane                     | 30.59
 95321 | Miriam Van Waters                    | 42.08
 81583 | Emile P. Moses                       | 42.98
 81417 | Victor Iamandi                       | 47.85
 81601 | Graciela                             | 48.44
 81377 | Robert Christie (Ontario politician) | 49.58
 81375 | Ralph Dacre, 3rd Baron Dacre         | 50.71
 95386 | Alexandre Étienne Choron             | 50.93
 81846 | Frank Carlucci                       | 52.53
(10 rows)

-- test additional inserts on wiki table
drop index index1;
select count(*) from tsv_data;
 count 
-------
   100
(1 row)

INSERT INTO tsv_data(context_page_description_ai)
SELECT context_page_description_ai FROM tsv_data WHERE context_page_description_ai IS NOT NULL LIMIT 444;
select count(*) from tsv_data;
 count 
-------
   200
(1 row)

